// Jest Snapshot v1, https://goo.gl/fbAQLP

exports[`ContactForm should match the snapshot 1`] = `
<ValidatorForm
  className="contact_form"
  debounceTime={1500}
  onError={[Function]}
  onSubmit={[Function]}
>
  <TextValidator
    className="makeStyles-formContent-1"
    errorMessages={
      Array [
        "This field is required",
      ]
    }
    label="Name"
    name="name"
    onChange={[Function]}
    validatorListener={[Function]}
    validators={
      Array [
        "required",
      ]
    }
    value=""
  />
  <TextValidator
    className="makeStyles-formContent-1"
    errorMessages={
      Array [
        "This field is required",
      ]
    }
    label="Phone"
    name="phone"
    onChange={[Function]}
    type="number"
    validatorListener={[Function]}
    validators={
      Array [
        "required",
      ]
    }
    value=""
  />
  <TextValidator
    className="makeStyles-formContent-1"
    errorMessages={
      Array [
        "This field is required",
        "Please enter a valid email",
      ]
    }
    label="Email"
    name="email"
    onChange={[Function]}
    validatorListener={[Function]}
    validators={
      Array [
        "required",
        "isEmail",
      ]
    }
    value=""
  />
  <WithStyles(ForwardRef(TextField))
    error={false}
    label="Description"
    multiline={true}
    onChange={[Function]}
    placeholder="Please include a brief description of the work required here:"
    required={true}
    rows={5}
    value=""
    variant="outlined"
  />
  <WithStyles(ForwardRef(Button))
    className="makeStyles-formContent-1"
    onClick={[Function]}
    type="submit"
  >
    Submit
  </WithStyles(ForwardRef(Button))>
</ValidatorForm>
`;
