// Jest Snapshot v1, https://goo.gl/fbAQLP

exports[`About component Should match snapshot 1`] = `
<Layout
  active="about"
>
  <section
    className="about_main"
  >
    <div
      id="about_banner"
    >
      <h2>
        About Us
      </h2>
    </div>
    <section
      className="about"
    >
      <article
        className="about_article"
        id="about_article"
      >
        <p
          className="about_article_text"
        >
          Timberline Inc. was founded in 1995 with the goals of creating quality solutions in the housing market. It has evolved into a company that can do a bit of everything. Etc... this narrative will need some work.
        </p>
        <img
          alt="hallway in house"
          className="about_main_image"
          src="Venado_Hallway.jpg"
        />
      </article>
      <article
        className="about_article"
      >
        <p
          className="about_article_text"
        >
          Timberline Inc. is not just about creating quality solutions to problems that arise throughout the duration of the home owning timeline, it is also about creating an extended family within the community. Compassion, empathy, understanding are just some of the values that sit at the very core of Timberline Inc. Steve Gibson is a creative problem solver that will work with you to find the perfect solution. If you would like to work with him, please view some of the items on his project bucket list!
        </p>
      </article>
      <article
        className="about_article about_article_bucket_list"
      >
        <h2
          className="bucket_list_title"
        >
          Bucket List
        </h2>
        <ul
          className="bucket_list_ul"
        >
          <li>
            Work on a home from the 1800's âˆš
          </li>
          <li>
            Build a cabin in Alaska
          </li>
          <li>
            Design and build a liveable tree house 
          </li>
        </ul>
      </article>
    </section>
  </section>
</Layout>
`;
