// Jest Snapshot v1, https://goo.gl/fbAQLP

exports[`Projects Component Projects component should match snapshot 1`] = `
<section
  className="projects"
>
  <WithStyles(ForwardRef(Tooltip))
    title="Coming Soon!"
  >
    <div
      className="project_container"
    >
      <img
        alt="project completed by Timberline Inc"
        className="projects_photos"
        id="purple_aster"
        src="Purple_Aster.jpg"
      />
      <label
        htmlFor="purple_aster"
      >
        Purple Aster Spec Home
      </label>
    </div>
  </WithStyles(ForwardRef(Tooltip))>
  <WithStyles(ForwardRef(Tooltip))
    title="Coming Soon!"
  >
    <div
      className="project_container"
    >
      <img
        alt="project completed by Timberline Inc"
        className="projects_photos"
        id="venado_front"
        src="Venado_front.jpg"
      />
      <label
        htmlFor="venado_front"
      >
        Venado Spec Home
      </label>
    </div>
  </WithStyles(ForwardRef(Tooltip))>
  <WithStyles(ForwardRef(Tooltip))
    title="Coming Soon!"
  >
    <div
      className="project_container"
    >
      <img
        alt="project completed by Timberline Inc"
        className="projects_photos"
        id="venado_kitchen"
        src="Venado_Kitchen.jpg"
      />
      <label
        htmlFor="venado_kitchen"
      >
        Custom Kitchen Remodel
      </label>
    </div>
  </WithStyles(ForwardRef(Tooltip))>
</section>
`;
