// Jest Snapshot v1, https://goo.gl/fbAQLP

exports[`Nav Nav component should match the snapshot 1`] = `
<Fragment>
  <WithStyles(ForwardRef(AppBar))
    className="makeStyles-appBar-1"
    position="fixed"
  >
    <WithStyles(ForwardRef(IconButton))
      disabled={true}
    >
      <img
        alt="timberline logo"
        className="makeStyles-logo-2"
        src="timberline-const.png"
      />
    </WithStyles(ForwardRef(IconButton))>
    <WithStyles(ForwardRef(Tabs))
      onChange={[Function]}
    >
      <LinkTab
        label="Home"
      />
      <LinkTab
        label="About"
      />
      <LinkTab
        label="Projects"
      />
      <LinkTab
        label="Contact Us"
      />
    </WithStyles(ForwardRef(Tabs))>
  </WithStyles(ForwardRef(AppBar))>
</Fragment>
`;
