// Jest Snapshot v1, https://goo.gl/fbAQLP

exports[`App App component should match the snapshot 1`] = `
<main
  className="App"
>
  <Nav
    active="home"
  />
  <Route
    exact={true}
    path="/"
    render={[Function]}
  />
  <Footer />
</main>
`;
