// Jest Snapshot v1, https://goo.gl/fbAQLP

exports[`App App component should match the snapshot 1`] = `
<main
  className="App"
>
  <Nav
    props={Object {}}
  />
  <Route
    exact={true}
    path="/"
  >
    <Redirect
      to="/home"
    />
  </Route>
  <Route
    exact={true}
    path="/home"
    render={[Function]}
  />
  <Route
    exact={true}
    path="/about"
    render={[Function]}
  />
  <Route
    path="/projects"
    render={[Function]}
  />
  <Route
    path="/contact_us"
    render={[Function]}
  />
  <Route
    path="/history"
    render={[Function]}
  />
  <Footer />
</main>
`;
